[02:46:35] [DefaultDispatcher-worker-15/WARN]: Failed to get system info for Minecraft Version
java.lang.IllegalStateException: Game version not set
	at net.minecraft.SharedConstants.getCurrentVersion(SharedConstants.java:253)
	at net.minecraft.SystemReport.lambda$new$0(SystemReport.java:43)
	at net.minecraft.SystemReport.setDetail(SystemReport.java:96)
	at net.minecraft.SystemReport.<init>(SystemReport.java:43)
	at net.minecraft.CrashReport.<init>(CrashReport.java:35)
	at net.minecraft.CrashReport.forThrowable(CrashReport.java:244)
	at net.minecraft.nbt.NbtIo.readTagSafe(NbtIo.java:192)
	at net.minecraft.nbt.NbtIo.readAnyTag(NbtIo.java:148)
	at com.hiczp.minecraft.test.oracle.OfficialCodecOracle.passThroughOfficialNbt(OfficialCodecOracle.java:207)
	at com.hiczp.minecraft.test.oracle.OfficialCodecOracle.runNbt(OfficialCodecOracle.java:137)
	at java.base/jdk.internal.reflect.DirectMethodHandleAccessor.invoke(DirectMethodHandleAccessor.java:104)
	at java.base/java.lang.reflect.Method.invoke(Method.java:565)
	at com.hiczp.minecraft.test.host.OfficialCodecOracle.verify(OfficialCodecOracle.kt:69)
	at com.hiczp.minecraft.test.host.MinecraftTestFixtureHostKt.verifyFixturesWithOfficialCodec(MinecraftTestFixtureHost.kt:474)
	at com.hiczp.minecraft.test.host.MinecraftTestFixtureHostKt.access$verifyFixturesWithOfficialCodec(MinecraftTestFixtureHost.kt:1)
	at com.hiczp.minecraft.test.host.MinecraftTestSupportServiceServer.verifyOfficialNbt(MinecraftTestFixtureHost.kt:189)
	at com.hiczp.minecraft.test.MinecraftTestSupportService$$rpcServiceStub$Companion$verifyOfficialNbtInvokator$1.call(MinecraftTestSupportService.kt)
	at com.hiczp.minecraft.test.MinecraftTestSupportService$$rpcServiceStub$Companion$verifyOfficialNbtInvokator$1.call(MinecraftTestSupportService.kt)
	at kotlinx.rpc.krpc.server.internal.KrpcServerService$handleCall$requestJob$1.invokeSuspend(KrpcServerService.kt:160)
	at kotlin.coroutines.jvm.internal.BaseContinuationImpl.resumeWith(ContinuationImpl.kt:34)
	at kotlinx.coroutines.DispatchedTask.run(DispatchedTask.kt:100)
	at kotlinx.coroutines.internal.LimitedDispatcher$Worker.run(LimitedDispatcher.kt:124)
	at kotlinx.coroutines.scheduling.TaskImpl.run(Tasks.kt:89)
	at kotlinx.coroutines.scheduling.CoroutineScheduler.runSafely(CoroutineScheduler.kt:586)
	at kotlinx.coroutines.scheduling.CoroutineScheduler$Worker.executeTask(CoroutineScheduler.kt:798)
	at kotlinx.coroutines.scheduling.CoroutineScheduler$Worker.runWorker(CoroutineScheduler.kt:717)
	at kotlinx.coroutines.scheduling.CoroutineScheduler$Worker.run(CoroutineScheduler.kt:704)
[02:46:35] [DefaultDispatcher-worker-15/WARN]: Failed to get system info for Minecraft Version ID
java.lang.IllegalStateException: Game version not set
	at net.minecraft.SharedConstants.getCurrentVersion(SharedConstants.java:253)
	at net.minecraft.SystemReport.lambda$new$1(SystemReport.java:44)
	at net.minecraft.SystemReport.setDetail(SystemReport.java:96)
	at net.minecraft.SystemReport.<init>(SystemReport.java:44)
	at net.minecraft.CrashReport.<init>(CrashReport.java:35)
	at net.minecraft.CrashReport.forThrowable(CrashReport.java:244)
	at net.minecraft.nbt.NbtIo.readTagSafe(NbtIo.java:192)
	at net.minecraft.nbt.NbtIo.readAnyTag(NbtIo.java:148)
	at com.hiczp.minecraft.test.oracle.OfficialCodecOracle.passThroughOfficialNbt(OfficialCodecOracle.java:207)
	at com.hiczp.minecraft.test.oracle.OfficialCodecOracle.runNbt(OfficialCodecOracle.java:137)
	at java.base/jdk.internal.reflect.DirectMethodHandleAccessor.invoke(DirectMethodHandleAccessor.java:104)
	at java.base/java.lang.reflect.Method.invoke(Method.java:565)
	at com.hiczp.minecraft.test.host.OfficialCodecOracle.verify(OfficialCodecOracle.kt:69)
	at com.hiczp.minecraft.test.host.MinecraftTestFixtureHostKt.verifyFixturesWithOfficialCodec(MinecraftTestFixtureHost.kt:474)
	at com.hiczp.minecraft.test.host.MinecraftTestFixtureHostKt.access$verifyFixturesWithOfficialCodec(MinecraftTestFixtureHost.kt:1)
	at com.hiczp.minecraft.test.host.MinecraftTestSupportServiceServer.verifyOfficialNbt(MinecraftTestFixtureHost.kt:189)
	at com.hiczp.minecraft.test.MinecraftTestSupportService$$rpcServiceStub$Companion$verifyOfficialNbtInvokator$1.call(MinecraftTestSupportService.kt)
	at com.hiczp.minecraft.test.MinecraftTestSupportService$$rpcServiceStub$Companion$verifyOfficialNbtInvokator$1.call(MinecraftTestSupportService.kt)
	at kotlinx.rpc.krpc.server.internal.KrpcServerService$handleCall$requestJob$1.invokeSuspend(KrpcServerService.kt:160)
	at kotlin.coroutines.jvm.internal.BaseContinuationImpl.resumeWith(ContinuationImpl.kt:34)
	at kotlinx.coroutines.DispatchedTask.run(DispatchedTask.kt:100)
	at kotlinx.coroutines.internal.LimitedDispatcher$Worker.run(LimitedDispatcher.kt:124)
	at kotlinx.coroutines.scheduling.TaskImpl.run(Tasks.kt:89)
	at kotlinx.coroutines.scheduling.CoroutineScheduler.runSafely(CoroutineScheduler.kt:586)
	at kotlinx.coroutines.scheduling.CoroutineScheduler$Worker.executeTask(CoroutineScheduler.kt:798)
	at kotlinx.coroutines.scheduling.CoroutineScheduler$Worker.runWorker(CoroutineScheduler.kt:717)
	at kotlinx.coroutines.scheduling.CoroutineScheduler$Worker.run(CoroutineScheduler.kt:704)
[02:46:37] [DefaultDispatcher-worker-15/WARN]: Invalid registry value type detected for PerfOS counters. Should be REG_DWORD. Ignoring: HKEY_LOCAL_MACHINE\SYSTEM\CurrentControlSet\Services\PerfOS\Performance\Disable Performance Counters.
[02:46:39] [DefaultDispatcher-worker-15/WARN]: Failed to get system info for Minecraft Version
java.lang.IllegalStateException: Game version not set
	at net.minecraft.SharedConstants.getCurrentVersion(SharedConstants.java:253)
	at net.minecraft.SystemReport.lambda$new$0(SystemReport.java:43)
	at net.minecraft.SystemReport.setDetail(SystemReport.java:96)
	at net.minecraft.SystemReport.<init>(SystemReport.java:43)
	at net.minecraft.CrashReport.<init>(CrashReport.java:35)
	at net.minecraft.CrashReport.forThrowable(CrashReport.java:244)
	at net.minecraft.nbt.NbtIo.readTagSafe(NbtIo.java:192)
	at net.minecraft.nbt.NbtIo.readAnyTag(NbtIo.java:148)
	at com.hiczp.minecraft.test.oracle.OfficialCodecOracle.passThroughOfficialNbt(OfficialCodecOracle.java:207)
	at com.hiczp.minecraft.test.oracle.OfficialCodecOracle.runNbt(OfficialCodecOracle.java:137)
	at java.base/jdk.internal.reflect.DirectMethodHandleAccessor.invoke(DirectMethodHandleAccessor.java:104)
	at java.base/java.lang.reflect.Method.invoke(Method.java:565)
	at com.hiczp.minecraft.test.host.OfficialCodecOracle.verify(OfficialCodecOracle.kt:69)
	at com.hiczp.minecraft.test.host.MinecraftTestFixtureHostKt.verifyFixturesWithOfficialCodec(MinecraftTestFixtureHost.kt:474)
	at com.hiczp.minecraft.test.host.MinecraftTestFixtureHostKt.access$verifyFixturesWithOfficialCodec(MinecraftTestFixtureHost.kt:1)
	at com.hiczp.minecraft.test.host.MinecraftTestSupportServiceServer.verifyOfficialNbt(MinecraftTestFixtureHost.kt:189)
	at com.hiczp.minecraft.test.MinecraftTestSupportService$$rpcServiceStub$Companion$verifyOfficialNbtInvokator$1.call(MinecraftTestSupportService.kt)
	at com.hiczp.minecraft.test.MinecraftTestSupportService$$rpcServiceStub$Companion$verifyOfficialNbtInvokator$1.call(MinecraftTestSupportService.kt)
	at kotlinx.rpc.krpc.server.internal.KrpcServerService$handleCall$requestJob$1.invokeSuspend(KrpcServerService.kt:160)
	at kotlin.coroutines.jvm.internal.BaseContinuationImpl.resumeWith(ContinuationImpl.kt:34)
	at kotlinx.coroutines.DispatchedTask.run(DispatchedTask.kt:100)
	at kotlinx.coroutines.internal.LimitedDispatcher$Worker.run(LimitedDispatcher.kt:124)
	at kotlinx.coroutines.scheduling.TaskImpl.run(Tasks.kt:89)
	at kotlinx.coroutines.scheduling.CoroutineScheduler.runSafely(CoroutineScheduler.kt:586)
	at kotlinx.coroutines.scheduling.CoroutineScheduler$Worker.executeTask(CoroutineScheduler.kt:798)
	at kotlinx.coroutines.scheduling.CoroutineScheduler$Worker.runWorker(CoroutineScheduler.kt:717)
	at kotlinx.coroutines.scheduling.CoroutineScheduler$Worker.run(CoroutineScheduler.kt:704)
[02:46:39] [DefaultDispatcher-worker-15/WARN]: Failed to get system info for Minecraft Version ID
java.lang.IllegalStateException: Game version not set
	at net.minecraft.SharedConstants.getCurrentVersion(SharedConstants.java:253)
	at net.minecraft.SystemReport.lambda$new$1(SystemReport.java:44)
	at net.minecraft.SystemReport.setDetail(SystemReport.java:96)
	at net.minecraft.SystemReport.<init>(SystemReport.java:44)
	at net.minecraft.CrashReport.<init>(CrashReport.java:35)
	at net.minecraft.CrashReport.forThrowable(CrashReport.java:244)
	at net.minecraft.nbt.NbtIo.readTagSafe(NbtIo.java:192)
	at net.minecraft.nbt.NbtIo.readAnyTag(NbtIo.java:148)
	at com.hiczp.minecraft.test.oracle.OfficialCodecOracle.passThroughOfficialNbt(OfficialCodecOracle.java:207)
	at com.hiczp.minecraft.test.oracle.OfficialCodecOracle.runNbt(OfficialCodecOracle.java:137)
	at java.base/jdk.internal.reflect.DirectMethodHandleAccessor.invoke(DirectMethodHandleAccessor.java:104)
	at java.base/java.lang.reflect.Method.invoke(Method.java:565)
	at com.hiczp.minecraft.test.host.OfficialCodecOracle.verify(OfficialCodecOracle.kt:69)
	at com.hiczp.minecraft.test.host.MinecraftTestFixtureHostKt.verifyFixturesWithOfficialCodec(MinecraftTestFixtureHost.kt:474)
	at com.hiczp.minecraft.test.host.MinecraftTestFixtureHostKt.access$verifyFixturesWithOfficialCodec(MinecraftTestFixtureHost.kt:1)
	at com.hiczp.minecraft.test.host.MinecraftTestSupportServiceServer.verifyOfficialNbt(MinecraftTestFixtureHost.kt:189)
	at com.hiczp.minecraft.test.MinecraftTestSupportService$$rpcServiceStub$Companion$verifyOfficialNbtInvokator$1.call(MinecraftTestSupportService.kt)
	at com.hiczp.minecraft.test.MinecraftTestSupportService$$rpcServiceStub$Companion$verifyOfficialNbtInvokator$1.call(MinecraftTestSupportService.kt)
	at kotlinx.rpc.krpc.server.internal.KrpcServerService$handleCall$requestJob$1.invokeSuspend(KrpcServerService.kt:160)
	at kotlin.coroutines.jvm.internal.BaseContinuationImpl.resumeWith(ContinuationImpl.kt:34)
	at kotlinx.coroutines.DispatchedTask.run(DispatchedTask.kt:100)
	at kotlinx.coroutines.internal.LimitedDispatcher$Worker.run(LimitedDispatcher.kt:124)
	at kotlinx.coroutines.scheduling.TaskImpl.run(Tasks.kt:89)
	at kotlinx.coroutines.scheduling.CoroutineScheduler.runSafely(CoroutineScheduler.kt:586)
	at kotlinx.coroutines.scheduling.CoroutineScheduler$Worker.executeTask(CoroutineScheduler.kt:798)
	at kotlinx.coroutines.scheduling.CoroutineScheduler$Worker.runWorker(CoroutineScheduler.kt:717)
	at kotlinx.coroutines.scheduling.CoroutineScheduler$Worker.run(CoroutineScheduler.kt:704)
[02:46:40] [DefaultDispatcher-worker-15/WARN]: Failed to get system info for Minecraft Version
java.lang.IllegalStateException: Game version not set
	at net.minecraft.SharedConstants.getCurrentVersion(SharedConstants.java:253)
	at net.minecraft.SystemReport.lambda$new$0(SystemReport.java:43)
	at net.minecraft.SystemReport.setDetail(SystemReport.java:96)
	at net.minecraft.SystemReport.<init>(SystemReport.java:43)
	at net.minecraft.CrashReport.<init>(CrashReport.java:35)
	at net.minecraft.CrashReport.forThrowable(CrashReport.java:244)
	at net.minecraft.nbt.NbtIo.readTagSafe(NbtIo.java:192)
	at net.minecraft.nbt.NbtIo.readAnyTag(NbtIo.java:148)
	at com.hiczp.minecraft.test.oracle.OfficialCodecOracle.passThroughOfficialNbt(OfficialCodecOracle.java:207)
	at com.hiczp.minecraft.test.oracle.OfficialCodecOracle.runNbt(OfficialCodecOracle.java:137)
	at java.base/jdk.internal.reflect.DirectMethodHandleAccessor.invoke(DirectMethodHandleAccessor.java:104)
	at java.base/java.lang.reflect.Method.invoke(Method.java:565)
	at com.hiczp.minecraft.test.host.OfficialCodecOracle.verify(OfficialCodecOracle.kt:69)
	at com.hiczp.minecraft.test.host.MinecraftTestFixtureHostKt.verifyFixturesWithOfficialCodec(MinecraftTestFixtureHost.kt:474)
	at com.hiczp.minecraft.test.host.MinecraftTestFixtureHostKt.access$verifyFixturesWithOfficialCodec(MinecraftTestFixtureHost.kt:1)
	at com.hiczp.minecraft.test.host.MinecraftTestSupportServiceServer.verifyOfficialNbt(MinecraftTestFixtureHost.kt:189)
	at com.hiczp.minecraft.test.MinecraftTestSupportService$$rpcServiceStub$Companion$verifyOfficialNbtInvokator$1.call(MinecraftTestSupportService.kt)
	at com.hiczp.minecraft.test.MinecraftTestSupportService$$rpcServiceStub$Companion$verifyOfficialNbtInvokator$1.call(MinecraftTestSupportService.kt)
	at kotlinx.rpc.krpc.server.internal.KrpcServerService$handleCall$requestJob$1.invokeSuspend(KrpcServerService.kt:160)
	at kotlin.coroutines.jvm.internal.BaseContinuationImpl.resumeWith(ContinuationImpl.kt:34)
	at kotlinx.coroutines.DispatchedTask.run(DispatchedTask.kt:100)
	at kotlinx.coroutines.internal.LimitedDispatcher$Worker.run(LimitedDispatcher.kt:124)
	at kotlinx.coroutines.scheduling.TaskImpl.run(Tasks.kt:89)
	at kotlinx.coroutines.scheduling.CoroutineScheduler.runSafely(CoroutineScheduler.kt:586)
	at kotlinx.coroutines.scheduling.CoroutineScheduler$Worker.executeTask(CoroutineScheduler.kt:798)
	at kotlinx.coroutines.scheduling.CoroutineScheduler$Worker.runWorker(CoroutineScheduler.kt:717)
	at kotlinx.coroutines.scheduling.CoroutineScheduler$Worker.run(CoroutineScheduler.kt:704)
[02:46:40] [DefaultDispatcher-worker-15/WARN]: Failed to get system info for Minecraft Version ID
java.lang.IllegalStateException: Game version not set
	at net.minecraft.SharedConstants.getCurrentVersion(SharedConstants.java:253)
	at net.minecraft.SystemReport.lambda$new$1(SystemReport.java:44)
	at net.minecraft.SystemReport.setDetail(SystemReport.java:96)
	at net.minecraft.SystemReport.<init>(SystemReport.java:44)
	at net.minecraft.CrashReport.<init>(CrashReport.java:35)
	at net.minecraft.CrashReport.forThrowable(CrashReport.java:244)
	at net.minecraft.nbt.NbtIo.readTagSafe(NbtIo.java:192)
	at net.minecraft.nbt.NbtIo.readAnyTag(NbtIo.java:148)
	at com.hiczp.minecraft.test.oracle.OfficialCodecOracle.passThroughOfficialNbt(OfficialCodecOracle.java:207)
	at com.hiczp.minecraft.test.oracle.OfficialCodecOracle.runNbt(OfficialCodecOracle.java:137)
	at java.base/jdk.internal.reflect.DirectMethodHandleAccessor.invoke(DirectMethodHandleAccessor.java:104)
	at java.base/java.lang.reflect.Method.invoke(Method.java:565)
	at com.hiczp.minecraft.test.host.OfficialCodecOracle.verify(OfficialCodecOracle.kt:69)
	at com.hiczp.minecraft.test.host.MinecraftTestFixtureHostKt.verifyFixturesWithOfficialCodec(MinecraftTestFixtureHost.kt:474)
	at com.hiczp.minecraft.test.host.MinecraftTestFixtureHostKt.access$verifyFixturesWithOfficialCodec(MinecraftTestFixtureHost.kt:1)
	at com.hiczp.minecraft.test.host.MinecraftTestSupportServiceServer.verifyOfficialNbt(MinecraftTestFixtureHost.kt:189)
	at com.hiczp.minecraft.test.MinecraftTestSupportService$$rpcServiceStub$Companion$verifyOfficialNbtInvokator$1.call(MinecraftTestSupportService.kt)
	at com.hiczp.minecraft.test.MinecraftTestSupportService$$rpcServiceStub$Companion$verifyOfficialNbtInvokator$1.call(MinecraftTestSupportService.kt)
	at kotlinx.rpc.krpc.server.internal.KrpcServerService$handleCall$requestJob$1.invokeSuspend(KrpcServerService.kt:160)
	at kotlin.coroutines.jvm.internal.BaseContinuationImpl.resumeWith(ContinuationImpl.kt:34)
	at kotlinx.coroutines.DispatchedTask.run(DispatchedTask.kt:100)
	at kotlinx.coroutines.internal.LimitedDispatcher$Worker.run(LimitedDispatcher.kt:124)
	at kotlinx.coroutines.scheduling.TaskImpl.run(Tasks.kt:89)
	at kotlinx.coroutines.scheduling.CoroutineScheduler.runSafely(CoroutineScheduler.kt:586)
	at kotlinx.coroutines.scheduling.CoroutineScheduler$Worker.executeTask(CoroutineScheduler.kt:798)
	at kotlinx.coroutines.scheduling.CoroutineScheduler$Worker.runWorker(CoroutineScheduler.kt:717)
	at kotlinx.coroutines.scheduling.CoroutineScheduler$Worker.run(CoroutineScheduler.kt:704)
